<html>
<body>
<pre>
<h1>µVision Build Log</h1>
<h2>Tool Versions:</h2>
IDE-Version: ¦ÌVision V5.39.0.0
Copyright (C) 2023 ARM Ltd and ARM Germany GmbH. All rights reserved.
License Information: a u, d, LIC=76F5U-SDJWH-RAHDM-XL98V-U8XHE-9UFHI
 
Tool Versions:
Toolchain:       MDK-ARM Plus  Version: 5.39.0.0
Toolchain Path:  D:\MDK539\ARM\ARMCC\Bin
C Compiler:      Armcc.exe V5.06 update 7 (build 960)
Assembler:       Armasm.exe V5.06 update 7 (build 960)
Linker/Locator:  ArmLink.exe V5.06 update 7 (build 960)
Library Manager: ArmAr.exe V5.06 update 7 (build 960)
Hex Converter:   FromElf.exe V5.06 update 7 (build 960)
CPU DLL:         SARMCM3.DLL V5.39.0.0
Dialog DLL:      DCM.DLL V1.17.5.0
Target DLL:      STLink\ST-LINKIII-KEIL_SWO.dll V3.2.0.0
Dialog DLL:      TCM.DLL V1.56.4.0
 
<h2>Project:</h2>
D:\MyRepositories\STM32F429IGT6_STD_Platform\MDK-ARM\template.uvprojx
Project File Date:  08/22/2025

<h2>Output:</h2>
*** Using Compiler 'V5.06 update 7 (build 960)', folder: 'D:\MDK539\ARM\ARMCC\Bin'
Build target 'Platform'
compiling elog_utils.c...
compiling lv_disp.c...
compiling elog.c...
compiling elog_port.c...
compiling lv_event.c...
compiling lv_group.c...
compiling app_init.c...
compiling lv_indev.c...
compiling lv_indev_scroll.c...
compiling lv_obj_class.c...
compiling lv_obj.c...
compiling lv_obj_draw.c...
compiling lv_obj_style.c...
compiling lv_obj_scroll.c...
compiling lv_obj_tree.c...
compiling lv_obj_style_gen.c...
compiling lv_obj_pos.c...
compiling lv_theme.c...
compiling lv_draw_pxp.c...
compiling lv_gpu_arm2d.c...
compiling lv_draw_pxp_blend.c...
compiling lv_gpu_nxp_pxp.c...
compiling lv_refr.c...
compiling lv_draw_vglite.c...
compiling lv_gpu_nxp_pxp_osa.c...
compiling lv_draw_vglite_arc.c...
compiling lv_draw_vglite_line.c...
compiling lv_vglite_buf.c...
compiling lv_draw_vglite_rect.c...
compiling lv_draw_vglite_blend.c...
compiling lv_vglite_utils.c...
compiling lv_draw_sdl_arc.c...
compiling lv_gpu_d2_draw_label.c...
compiling lv_draw_sdl.c...
compiling lv_draw_sdl_bg.c...
compiling lv_gpu_d2_ra6m3.c...
compiling lv_draw_sdl_composite.c...
compiling lv_draw_sdl_img.c...
compiling lv_draw_sdl_layer.c...
compiling lv_draw_sdl_label.c...
compiling lv_draw_sdl_line.c...
compiling lv_draw_sdl_mask.c...
compiling lv_draw_sdl_polygon.c...
compiling lv_draw_sdl_stack_blur.c...
compiling lv_draw_sdl_rect.c...
compiling lv_draw_sdl_texture_cache.c...
compiling lv_draw_sdl_utils.c...
compiling lv_gpu_stm32_dma2d.c...
compiling lv_draw_sw.c...
compiling lv_draw_sw_dither.c...
compiling lv_draw_sw_arc.c...
compiling lv_draw_sw_gradient.c...
compiling lv_draw_sw_blend.c...
compiling lv_draw_sw_layer.c...
compiling lv_draw_sw_img.c...
compiling lv_draw_sw_letter.c...
compiling lv_draw_sw_polygon.c...
compiling lv_draw_sw_line.c...
compiling lv_gpu_swm341_dma2d.c...
compiling lv_draw.c...
compiling lv_draw_sw_transform.c...
compiling lv_draw_arc.c...
compiling lv_draw_img.c...
compiling lv_draw_layer.c...
compiling lv_draw_sw_rect.c...
compiling lv_draw_line.c...
compiling lv_draw_label.c...
compiling lv_draw_rect.c...
compiling lv_draw_triangle.c...
compiling lv_draw_transform.c...
compiling lv_draw_mask.c...
compiling lv_img_buf.c...
compiling lv_img_cache.c...
compiling lv_img_decoder.c...
compiling lv_flex.c...
compiling lv_grid.c...
compiling lv_theme_basic.c...
compiling lv_theme_default.c...
compiling lv_calendar_header_arrow.c...
compiling lv_animimg.c...
compiling lv_calendar.c...
compiling lv_theme_mono.c...
compiling lv_calendar_header_dropdown.c...
compiling lv_keyboard.c...
compiling lv_imgbtn.c...
compiling lv_led.c...
compiling lv_colorwheel.c...
compiling lv_chart.c...
compiling lv_list.c...
compiling lv_menu.c...
compiling lv_msgbox.c...
compiling lv_span.c...
compiling lv_meter.c...
compiling lv_spinbox.c...
compiling lv_spinner.c...
compiling lv_font.c...
compiling lv_tileview.c...
compiling lv_tabview.c...
compiling lv_win.c...
compiling lv_font_dejavu_16_persian_hebrew.c...
compiling lv_font_fmt_txt.c...
compiling lv_font_montserrat_8.c...
compiling lv_font_montserrat_10.c...
compiling lv_font_montserrat_12.c...
compiling lv_font_loader.c...
compiling lv_font_montserrat_12_subpx.c...
compiling lv_font_montserrat_14.c...
compiling lv_font_montserrat_16.c...
compiling lv_font_montserrat_18.c...
compiling lv_font_montserrat_20.c...
compiling lv_font_montserrat_22.c...
compiling lv_font_montserrat_24.c...
compiling lv_font_montserrat_26.c...
compiling lv_font_montserrat_28.c...
compiling lv_font_montserrat_28_compressed.c...
compiling lv_font_montserrat_30.c...
compiling lv_font_montserrat_32.c...
compiling lv_font_montserrat_34.c...
compiling lv_font_montserrat_38.c...
compiling lv_font_montserrat_36.c...
compiling lv_font_montserrat_40.c...
compiling lv_font_montserrat_42.c...
compiling lv_font_montserrat_44.c...
compiling lv_font_montserrat_46.c...
compiling lv_font_montserrat_48.c...
compiling lv_font_simsun_16_cjk.c...
compiling lv_font_unscii_8.c...
compiling lv_font_unscii_16.c...
compiling lv_hal_tick.c...
compiling lv_hal_indev.c...
compiling lv_anim_timeline.c...
compiling lv_hal_disp.c...
compiling lv_anim.c...
compiling lv_async.c...
compiling lv_bidi.c...
compiling lv_area.c...
compiling lv_color.c...
compiling lv_gc.c...
compiling lv_fs.c...
compiling lv_ll.c...
compiling lv_log.c...
compiling lv_lru.c...
compiling lv_math.c...
compiling lv_mem.c...
compiling lv_templ.c...
compiling lv_style.c...
compiling lv_printf.c...
compiling lv_style_gen.c...
compiling lv_timer.c...
compiling lv_utils.c...
compiling lv_txt_ap.c...
compiling lv_tlsf.c...
compiling lv_txt.c...
compiling lv_btn.c...
compiling lv_bar.c...
compiling lv_arc.c...
compiling lv_canvas.c...
compiling lv_checkbox.c...
compiling lv_btnmatrix.c...
compiling lv_objx_templ.c...
compiling lv_img.c...
compiling lv_line.c...
compiling lv_dropdown.c...
compiling lv_label.c...
compiling lv_switch.c...
compiling lv_slider.c...
compiling lv_roller.c...
compiling lv_port_fs_template.c...
compiling lv_table.c...
compiling lv_extra.c...
compiling lv_port_disp_template.c...
compiling lv_textarea.c...
compiling lv_port_indev_template.c...
compiling img_clothes.c...
compiling img_lvgl_logo.c...
compiling img_demo_widgets_avatar.c...
compiling img_benchmark_cogwheel_alpha16.c...
compiling lv_demo_benchmark.c...
compiling lv_demo_widgets.c...
compiling img_benchmark_cogwheel_chroma_keyed.c...
compiling img_benchmark_cogwheel_argb.c...
compiling img_benchmark_cogwheel_indexed16.c...
compiling img_benchmark_cogwheel_rgb.c...
compiling img_benchmark_cogwheel_rgb565a8.c...
compiling lv_font_bechmark_montserrat_12_compr_az.c.c...
compiling lv_font_bechmark_montserrat_16_compr_az.c.c...
compiling lv_font_bechmark_montserrat_28_compr_az.c.c...
compiling bsp_wrapper_delay.c...
compiling bsp_wrapper_light.c...
compiling bsp_wrapper_touchpad.c...
compiling bsp_wrapper_sflash.c...
compiling bsp_wrapper_display.c...
compiling bsp_adapter_delay.c...
compiling bsp_adapter_sflash.c...
compiling bsp_adapter_light.c...
compiling bsp_adapter_touchpad.c...
compiling bsp_adapter_display.c...
compiling bsp_driver_delay.c...
compiling bsp_driver_lcd.c...
compiling bsp_driver_led.c...
compiling bsp_driver_gt911.c...
compiling bsp_driver_st7735.c...
compiling bsp_driver_w25q64.c...
compiling msp_cluster_spi.c...
compiling msp_emul_i2c.c...
compiling main.c...
compiling msp_cluster_i2c.c...
compiling gpio.c...
compiling stm32f4xx_it.c...
compiling systick.c...
compiling usart.c...
compiling i2c.c...
compiling spi.c...
compiling fmc.c...
compiling ltdc.c...
compiling dwt.c...
compiling rtc.c...
compiling dma.c...
compiling dma2d.c...
assembling startup_stm32f429_439xx.s...
compiling system_stm32f4xx.c...
compiling misc.c...
compiling stm32f4xx_can.c...
compiling stm32f4xx_adc.c...
compiling stm32f4xx_cec.c...
compiling stm32f4xx_crc.c...
compiling stm32f4xx_cryp.c...
compiling stm32f4xx_cryp_des.c...
compiling stm32f4xx_cryp_tdes.c...
compiling stm32f4xx_cryp_aes.c...
compiling stm32f4xx_dac.c...
compiling stm32f4xx_dcmi.c...
compiling stm32f4xx_dbgmcu.c...
compiling stm32f4xx_dma.c...
compiling stm32f4xx_dfsdm.c...
compiling stm32f4xx_dsi.c...
compiling stm32f4xx_dma2d.c...
compiling stm32f4xx_exti.c...
compiling stm32f4xx_flash_ramfunc.c...
compiling stm32f4xx_flash.c...
compiling stm32f4xx_gpio.c...
compiling stm32f4xx_fmpi2c.c...
compiling stm32f4xx_hash.c...
compiling stm32f4xx_fmc.c...
compiling stm32f4xx_hash_md5.c...
compiling stm32f4xx_iwdg.c...
compiling stm32f4xx_hash_sha1.c...
compiling stm32f4xx_lptim.c...
compiling stm32f4xx_i2c.c...
compiling stm32f4xx_ltdc.c...
compiling stm32f4xx_pwr.c...
compiling stm32f4xx_qspi.c...
compiling stm32f4xx_rng.c...
compiling stm32f4xx_rcc.c...
compiling stm32f4xx_rtc.c...
compiling stm32f4xx_sai.c...
compiling stm32f4xx_spdifrx.c...
compiling stm32f4xx_sdio.c...
compiling stm32f4xx_spi.c...
compiling stm32f4xx_syscfg.c...
compiling stm32f4xx_wwdg.c...
compiling stm32f4xx_usart.c...
compiling stm32f4xx_tim.c...
linking...
Program Size: Code=15614 RO-data=1522 RW-data=312 ZI-data=9400  
FromELF: creating hex file...
".\Objects\template.axf" - 0 Error(s), 0 Warning(s).

<h2>Software Packages used:</h2>

Package Vendor: Keil
                https://www.keil.com/pack/Keil.STM32F4xx_DFP.2.17.1.pack
                Keil::STM32F4xx_DFP@2.17.1
                STMicroelectronics STM32F4 Series Device Support, Drivers and Examples

<h2>Collection of Component include folders:</h2>
  D:/MDK539/ARM/Packs/Keil/STM32F4xx_DFP/2.17.1/Drivers/CMSIS/Device/ST/STM32F4xx/Include

<h2>Collection of Component Files used:</h2>
Build Time Elapsed:  00:00:15
</pre>
</body>
</html>
