
=================================================== keil-build-viewer v1.6 ==================================================
 
[Search keil project] 1 item(s)
	c:\Users\cjm10\Desktop\MyRes\STM32F429IGT6_STD_Platform\MDK-ARM\template.uvprojx

[User input] 
[Current folder] c:\Users\cjm10\Desktop\MyRes\STM32F429IGT6_STD_Platform\MDK-ARM
[Encoding] 936
[Keil project path] c:\Users\cjm10\Desktop\MyRes\STM32F429IGT6_STD_Platform\MDK-ARM\template.uvprojx
[Keil project name] template.uvprojx
[Is keil v4] 0
[target name] Platform
[final target name] Platform

[Device] STM32F429IGTx
[Target name] 
[Output name] template
[Output path] .\Objects\
[Listing path] .\Listings\
[Is has pack] 1
[Is enbale LTO] 0
[Is has user library] 0
[Is custom scatter file] 0

[template.uvprojx]  [Platform]  [STM32F429IGTx]  [LTO disable]
 
[memory info]
[name] IRAM [base addr] 0x20000000 [size] 0x00030000 [type] 1 [off-chip] 0 [is pack] 1 [ID] 2 
[name] IRAM2 [base addr] 0x10000000 [size] 0x00010000 [type] 1 [off-chip] 0 [is pack] 1 [ID] 3 
[name] IROM [base addr] 0x08000000 [size] 0x00100000 [type] 2 [off-chip] 0 [is pack] 1 [ID] 4 


[map file path] c:\Users\cjm10\Desktop\MyRes\STM32F429IGT6_STD_Platform\MDK-ARM\Listings\template.map

[region info]
[load region] LR_IROM1
	[execution region] ER_IROM1, 0x08000000, 0x00100000, 0x000060D4 [memory type] 2 [memory ID] 4

	[execution region] RW_IRAM1, 0x20000000, 0x00030000, 0x00005018 [memory type] 1 [memory ID] 2
		[ZI block] addr: 0x20000120, size: 0x00004EF8 (20216)


[object name max length] 43
[object path max length] 86

[object in map file]
[object name] app_main.o                                   [path] ..\USER\01_APP\app_main.c
[object name] bsp_adapter_lcd.o                            [path] ..\USER\04_BSP\adapter\bsp_adapter_lcd.c
[object name] bsp_adapter_led.o                            [path] ..\USER\04_BSP\adapter\bsp_adapter_led.c
[object name] bsp_adapter_w25q64.o                         [path] ..\USER\04_BSP\adapter\bsp_adapter_w25q64.c
[object name] bsp_driver_lcd.o                             [path] ..\USER\04_BSP\driver\bsp_driver_lcd.c
[object name] bsp_driver_led.o                             [path] ..\USER\04_BSP\driver\bsp_driver_led.c
[object name] bsp_linker_lcd.o                             [path] ..\USER\04_BSP\linker\bsp_linker_lcd.c
[object name] bsp_linker_led.o                             [path] ..\USER\04_BSP\linker\bsp_linker_led.c
[object name] bsp_wrapper_display.o                        [path] ..\USER\04_BSP\wrapper\bsp_wrapper_display.c
[object name] bsp_wrapper_light.o                          [path] ..\USER\04_BSP\wrapper\bsp_wrapper_light.c
[object name] bsp_wrapper_sflash.o                         [path] ..\USER\04_BSP\wrapper\bsp_wrapper_sflash.c
[object name] debug.o                                      [path] ..\USER\UTILITIES\debug.c
[object name] delay.o                                      [path] ..\USER\UTILITIES\delay.c
[object name] dma2d.o                                      [path] ..\Core\src\dma2d.c
[object name] dwt.o                                        [path] ..\Core\src\dwt.c
[object name] elog.o                                       [path] ..\USER\02_MID\EasyLogger\src\elog.c
[object name] event_groups.o                               [path] ..\USER\03_OS\FreeRTOS\core\event_groups.c
[object name] fmc.o                                        [path] ..\Core\src\fmc.c
[object name] gpio.o                                       [path] ..\Core\src\gpio.c
[object name] heap_4.o                                     [path] ..\USER\03_OS\FreeRTOS\portable\MemMang\heap_4.c
[object name] list.o                                       [path] ..\USER\03_OS\FreeRTOS\core\list.c
[object name] ltdc.o                                       [path] ..\Core\src\ltdc.c
[object name] lw_btn.o                                     [path] ..\USER\02_MID\LWTK\lw_btn.c
[object name] main.o                                       [path] ..\Core\src\main.c
[object name] memory_manager.o                             [path] ..\USER\UTILITIES\memory_manager.c
[object name] misc.o                                       [path] ..\Libraries\STM32F4xx_StdPeriph_Driver\src\misc.c
[object name] os_impl_mutex.o                              [path] ..\USER\03_OS\implementation\os_impl_mutex.c
[object name] port.o                                       [path] ..\USER\03_OS\FreeRTOS\portable\RVDS\ARM_CM4F\port.c
[object name] queue.o                                      [path] ..\USER\03_OS\FreeRTOS\core\queue.c
[object name] startup_stm32f429_439xx.o                    [path] ..\Libraries\CMSIS\Device\ST\STM32F4xx\Source\Templates\arm\startup_stm32f429_439xx.s
[object name] stm32f4xx_exti.o                             [path] ..\Libraries\STM32F4xx_StdPeriph_Driver\src\stm32f4xx_exti.c
[object name] stm32f4xx_fmc.o                              [path] ..\Libraries\STM32F4xx_StdPeriph_Driver\src\stm32f4xx_fmc.c
[object name] stm32f4xx_gpio.o                             [path] ..\Libraries\STM32F4xx_StdPeriph_Driver\src\stm32f4xx_gpio.c
[object name] stm32f4xx_it.o                               [path] ..\Core\src\stm32f4xx_it.c
[object name] stm32f4xx_ltdc.o                             [path] ..\Libraries\STM32F4xx_StdPeriph_Driver\src\stm32f4xx_ltdc.c
[object name] stm32f4xx_rcc.o                              [path] ..\Libraries\STM32F4xx_StdPeriph_Driver\src\stm32f4xx_rcc.c
[object name] stm32f4xx_tim.o                              [path] ..\Libraries\STM32F4xx_StdPeriph_Driver\src\stm32f4xx_tim.c
[object name] stm32f4xx_usart.o                            [path] ..\Libraries\STM32F4xx_StdPeriph_Driver\src\stm32f4xx_usart.c
[object name] system_stm32f4xx.o                           [path] ..\Libraries\CMSIS\Device\ST\STM32F4xx\Source\Templates\system_stm32f4xx.c
[object name] systick.o                                    [path] ..\Core\src\systick.c
[object name] tasks.o                                      [path] ..\USER\03_OS\FreeRTOS\core\tasks.c
[object name] timers.o                                     [path] ..\USER\03_OS\FreeRTOS\core\timers.c
[object name] tlsf.o                                       [path] ..\USER\02_MID\tlsf\tlsf.c

[file path in keil project]
[old name] app_main.c                                   [type] 1   [path] ..\USER\01_APP\app_main.c
[old name] elog.c                                       [type] 1   [path] ..\USER\02_MID\EasyLogger\src\elog.c
[old name] elog_utils.c                                 [type] 1   [path] ..\USER\02_MID\EasyLogger\src\elog_utils.c
[old name] elog_port.c                                  [type] 1   [path] ..\USER\02_MID\EasyLogger\port\elog_port.c
[old name] lv_disp.c                                    [type] 1   [path] ..\USER\02_MID\LVGL\src\core\lv_disp.c
[old name] lv_event.c                                   [type] 1   [path] ..\USER\02_MID\LVGL\src\core\lv_event.c
[old name] lv_group.c                                   [type] 1   [path] ..\USER\02_MID\LVGL\src\core\lv_group.c
[old name] lv_indev.c                                   [type] 1   [path] ..\USER\02_MID\LVGL\src\core\lv_indev.c
[old name] lv_indev_scroll.c                            [type] 1   [path] ..\USER\02_MID\LVGL\src\core\lv_indev_scroll.c
[old name] lv_obj.c                                     [type] 1   [path] ..\USER\02_MID\LVGL\src\core\lv_obj.c
[old name] lv_obj_class.c                               [type] 1   [path] ..\USER\02_MID\LVGL\src\core\lv_obj_class.c
[old name] lv_obj_draw.c                                [type] 1   [path] ..\USER\02_MID\LVGL\src\core\lv_obj_draw.c
[old name] lv_obj_pos.c                                 [type] 1   [path] ..\USER\02_MID\LVGL\src\core\lv_obj_pos.c
[old name] lv_obj_scroll.c                              [type] 1   [path] ..\USER\02_MID\LVGL\src\core\lv_obj_scroll.c
[old name] lv_obj_style.c                               [type] 1   [path] ..\USER\02_MID\LVGL\src\core\lv_obj_style.c
[old name] lv_obj_style_gen.c                           [type] 1   [path] ..\USER\02_MID\LVGL\src\core\lv_obj_style_gen.c
[old name] lv_obj_tree.c                                [type] 1   [path] ..\USER\02_MID\LVGL\src\core\lv_obj_tree.c
[old name] lv_refr.c                                    [type] 1   [path] ..\USER\02_MID\LVGL\src\core\lv_refr.c
[old name] lv_theme.c                                   [type] 1   [path] ..\USER\02_MID\LVGL\src\core\lv_theme.c
[old name] lv_gpu_arm2d.c                               [type] 1   [path] ..\USER\02_MID\LVGL\src\draw\arm2d\lv_gpu_arm2d.c
[old name] lv_draw_pxp.c                                [type] 1   [path] ..\USER\02_MID\LVGL\src\draw\nxp\pxp\lv_draw_pxp.c
[old name] lv_draw_pxp_blend.c                          [type] 1   [path] ..\USER\02_MID\LVGL\src\draw\nxp\pxp\lv_draw_pxp_blend.c
[old name] lv_gpu_nxp_pxp.c                             [type] 1   [path] ..\USER\02_MID\LVGL\src\draw\nxp\pxp\lv_gpu_nxp_pxp.c
[old name] lv_gpu_nxp_pxp_osa.c                         [type] 1   [path] ..\USER\02_MID\LVGL\src\draw\nxp\pxp\lv_gpu_nxp_pxp_osa.c
[old name] lv_draw_vglite.c                             [type] 1   [path] ..\USER\02_MID\LVGL\src\draw\nxp\vglite\lv_draw_vglite.c
[old name] lv_draw_vglite_arc.c                         [type] 1   [path] ..\USER\02_MID\LVGL\src\draw\nxp\vglite\lv_draw_vglite_arc.c
[old name] lv_draw_vglite_blend.c                       [type] 1   [path] ..\USER\02_MID\LVGL\src\draw\nxp\vglite\lv_draw_vglite_blend.c
[old name] lv_draw_vglite_line.c                        [type] 1   [path] ..\USER\02_MID\LVGL\src\draw\nxp\vglite\lv_draw_vglite_line.c
[old name] lv_draw_vglite_rect.c                        [type] 1   [path] ..\USER\02_MID\LVGL\src\draw\nxp\vglite\lv_draw_vglite_rect.c
[old name] lv_vglite_buf.c                              [type] 1   [path] ..\USER\02_MID\LVGL\src\draw\nxp\vglite\lv_vglite_buf.c
[old name] lv_vglite_utils.c                            [type] 1   [path] ..\USER\02_MID\LVGL\src\draw\nxp\vglite\lv_vglite_utils.c
[old name] lv_gpu_d2_draw_label.c                       [type] 1   [path] ..\USER\02_MID\LVGL\src\draw\renesas\lv_gpu_d2_draw_label.c
[old name] lv_gpu_d2_ra6m3.c                            [type] 1   [path] ..\USER\02_MID\LVGL\src\draw\renesas\lv_gpu_d2_ra6m3.c
[old name] lv_draw_sdl.c                                [type] 1   [path] ..\USER\02_MID\LVGL\src\draw\sdl\lv_draw_sdl.c
[old name] lv_draw_sdl_arc.c                            [type] 1   [path] ..\USER\02_MID\LVGL\src\draw\sdl\lv_draw_sdl_arc.c
[old name] lv_draw_sdl_bg.c                             [type] 1   [path] ..\USER\02_MID\LVGL\src\draw\sdl\lv_draw_sdl_bg.c
[old name] lv_draw_sdl_composite.c                      [type] 1   [path] ..\USER\02_MID\LVGL\src\draw\sdl\lv_draw_sdl_composite.c
[old name] lv_draw_sdl_img.c                            [type] 1   [path] ..\USER\02_MID\LVGL\src\draw\sdl\lv_draw_sdl_img.c
[old name] lv_draw_sdl_label.c                          [type] 1   [path] ..\USER\02_MID\LVGL\src\draw\sdl\lv_draw_sdl_label.c
[old name] lv_draw_sdl_layer.c                          [type] 1   [path] ..\USER\02_MID\LVGL\src\draw\sdl\lv_draw_sdl_layer.c
[old name] lv_draw_sdl_line.c                           [type] 1   [path] ..\USER\02_MID\LVGL\src\draw\sdl\lv_draw_sdl_line.c
[old name] lv_draw_sdl_mask.c                           [type] 1   [path] ..\USER\02_MID\LVGL\src\draw\sdl\lv_draw_sdl_mask.c
[old name] lv_draw_sdl_polygon.c                        [type] 1   [path] ..\USER\02_MID\LVGL\src\draw\sdl\lv_draw_sdl_polygon.c
[old name] lv_draw_sdl_rect.c                           [type] 1   [path] ..\USER\02_MID\LVGL\src\draw\sdl\lv_draw_sdl_rect.c
[old name] lv_draw_sdl_stack_blur.c                     [type] 1   [path] ..\USER\02_MID\LVGL\src\draw\sdl\lv_draw_sdl_stack_blur.c
[old name] lv_draw_sdl_texture_cache.c                  [type] 1   [path] ..\USER\02_MID\LVGL\src\draw\sdl\lv_draw_sdl_texture_cache.c
[old name] lv_draw_sdl_utils.c                          [type] 1   [path] ..\USER\02_MID\LVGL\src\draw\sdl\lv_draw_sdl_utils.c
[old name] lv_gpu_stm32_dma2d.c                         [type] 1   [path] ..\USER\02_MID\LVGL\src\draw\stm32_dma2d\lv_gpu_stm32_dma2d.c
[old name] lv_draw_sw.c                                 [type] 1   [path] ..\USER\02_MID\LVGL\src\draw\sw\lv_draw_sw.c
[old name] lv_draw_sw_arc.c                             [type] 1   [path] ..\USER\02_MID\LVGL\src\draw\sw\lv_draw_sw_arc.c
[old name] lv_draw_sw_blend.c                           [type] 1   [path] ..\USER\02_MID\LVGL\src\draw\sw\lv_draw_sw_blend.c
[old name] lv_draw_sw_dither.c                          [type] 1   [path] ..\USER\02_MID\LVGL\src\draw\sw\lv_draw_sw_dither.c
[old name] lv_draw_sw_gradient.c                        [type] 1   [path] ..\USER\02_MID\LVGL\src\draw\sw\lv_draw_sw_gradient.c
[old name] lv_draw_sw_img.c                             [type] 1   [path] ..\USER\02_MID\LVGL\src\draw\sw\lv_draw_sw_img.c
[old name] lv_draw_sw_layer.c                           [type] 1   [path] ..\USER\02_MID\LVGL\src\draw\sw\lv_draw_sw_layer.c
[old name] lv_draw_sw_letter.c                          [type] 1   [path] ..\USER\02_MID\LVGL\src\draw\sw\lv_draw_sw_letter.c
[old name] lv_draw_sw_line.c                            [type] 1   [path] ..\USER\02_MID\LVGL\src\draw\sw\lv_draw_sw_line.c
[old name] lv_draw_sw_polygon.c                         [type] 1   [path] ..\USER\02_MID\LVGL\src\draw\sw\lv_draw_sw_polygon.c
[old name] lv_draw_sw_rect.c                            [type] 1   [path] ..\USER\02_MID\LVGL\src\draw\sw\lv_draw_sw_rect.c
[old name] lv_draw_sw_transform.c                       [type] 1   [path] ..\USER\02_MID\LVGL\src\draw\sw\lv_draw_sw_transform.c
[old name] lv_gpu_swm341_dma2d.c                        [type] 1   [path] ..\USER\02_MID\LVGL\src\draw\swm341_dma2d\lv_gpu_swm341_dma2d.c
[old name] lv_draw.c                                    [type] 1   [path] ..\USER\02_MID\LVGL\src\draw\lv_draw.c
[old name] lv_draw_arc.c                                [type] 1   [path] ..\USER\02_MID\LVGL\src\draw\lv_draw_arc.c
[old name] lv_draw_img.c                                [type] 1   [path] ..\USER\02_MID\LVGL\src\draw\lv_draw_img.c
[old name] lv_draw_label.c                              [type] 1   [path] ..\USER\02_MID\LVGL\src\draw\lv_draw_label.c
[old name] lv_draw_layer.c                              [type] 1   [path] ..\USER\02_MID\LVGL\src\draw\lv_draw_layer.c
[old name] lv_draw_line.c                               [type] 1   [path] ..\USER\02_MID\LVGL\src\draw\lv_draw_line.c
[old name] lv_draw_mask.c                               [type] 1   [path] ..\USER\02_MID\LVGL\src\draw\lv_draw_mask.c
[old name] lv_draw_rect.c                               [type] 1   [path] ..\USER\02_MID\LVGL\src\draw\lv_draw_rect.c
[old name] lv_draw_transform.c                          [type] 1   [path] ..\USER\02_MID\LVGL\src\draw\lv_draw_transform.c
[old name] lv_draw_triangle.c                           [type] 1   [path] ..\USER\02_MID\LVGL\src\draw\lv_draw_triangle.c
[old name] lv_img_buf.c                                 [type] 1   [path] ..\USER\02_MID\LVGL\src\draw\lv_img_buf.c
[old name] lv_img_cache.c                               [type] 1   [path] ..\USER\02_MID\LVGL\src\draw\lv_img_cache.c
[old name] lv_img_decoder.c                             [type] 1   [path] ..\USER\02_MID\LVGL\src\draw\lv_img_decoder.c
[old name] lv_flex.c                                    [type] 1   [path] ..\USER\02_MID\LVGL\src\extra\layouts\flex\lv_flex.c
[old name] lv_grid.c                                    [type] 1   [path] ..\USER\02_MID\LVGL\src\extra\layouts\grid\lv_grid.c
[old name] lv_theme_basic.c                             [type] 1   [path] ..\USER\02_MID\LVGL\src\extra\themes\basic\lv_theme_basic.c
[old name] lv_theme_default.c                           [type] 1   [path] ..\USER\02_MID\LVGL\src\extra\themes\default\lv_theme_default.c
[old name] lv_theme_mono.c                              [type] 1   [path] ..\USER\02_MID\LVGL\src\extra\themes\mono\lv_theme_mono.c
[old name] lv_animimg.c                                 [type] 1   [path] ..\USER\02_MID\LVGL\src\extra\widgets\animimg\lv_animimg.c
[old name] lv_calendar.c                                [type] 1   [path] ..\USER\02_MID\LVGL\src\extra\widgets\calendar\lv_calendar.c
[old name] lv_calendar_header_arrow.c                   [type] 1   [path] ..\USER\02_MID\LVGL\src\extra\widgets\calendar\lv_calendar_header_arrow.c
[old name] lv_calendar_header_dropdown.c                [type] 1   [path] ..\USER\02_MID\LVGL\src\extra\widgets\calendar\lv_calendar_header_dropdown.c
[old name] lv_chart.c                                   [type] 1   [path] ..\USER\02_MID\LVGL\src\extra\widgets\chart\lv_chart.c
[old name] lv_colorwheel.c                              [type] 1   [path] ..\USER\02_MID\LVGL\src\extra\widgets\colorwheel\lv_colorwheel.c
[old name] lv_imgbtn.c                                  [type] 1   [path] ..\USER\02_MID\LVGL\src\extra\widgets\imgbtn\lv_imgbtn.c
[old name] lv_keyboard.c                                [type] 1   [path] ..\USER\02_MID\LVGL\src\extra\widgets\keyboard\lv_keyboard.c
[old name] lv_led.c                                     [type] 1   [path] ..\USER\02_MID\LVGL\src\extra\widgets\led\lv_led.c
[old name] lv_list.c                                    [type] 1   [path] ..\USER\02_MID\LVGL\src\extra\widgets\list\lv_list.c
[old name] lv_menu.c                                    [type] 1   [path] ..\USER\02_MID\LVGL\src\extra\widgets\menu\lv_menu.c
[old name] lv_meter.c                                   [type] 1   [path] ..\USER\02_MID\LVGL\src\extra\widgets\meter\lv_meter.c
[old name] lv_msgbox.c                                  [type] 1   [path] ..\USER\02_MID\LVGL\src\extra\widgets\msgbox\lv_msgbox.c
[old name] lv_span.c                                    [type] 1   [path] ..\USER\02_MID\LVGL\src\extra\widgets\span\lv_span.c
[old name] lv_spinbox.c                                 [type] 1   [path] ..\USER\02_MID\LVGL\src\extra\widgets\spinbox\lv_spinbox.c
[old name] lv_spinner.c                                 [type] 1   [path] ..\USER\02_MID\LVGL\src\extra\widgets\spinner\lv_spinner.c
[old name] lv_tabview.c                                 [type] 1   [path] ..\USER\02_MID\LVGL\src\extra\widgets\tabview\lv_tabview.c
[old name] lv_tileview.c                                [type] 1   [path] ..\USER\02_MID\LVGL\src\extra\widgets\tileview\lv_tileview.c
[old name] lv_win.c                                     [type] 1   [path] ..\USER\02_MID\LVGL\src\extra\widgets\win\lv_win.c
[old name] lv_font.c                                    [type] 1   [path] ..\USER\02_MID\LVGL\src\font\lv_font.c
[old name] lv_font_dejavu_16_persian_hebrew.c           [type] 1   [path] ..\USER\02_MID\LVGL\src\font\lv_font_dejavu_16_persian_hebrew.c
[old name] lv_font_fmt_txt.c                            [type] 1   [path] ..\USER\02_MID\LVGL\src\font\lv_font_fmt_txt.c
[old name] lv_font_loader.c                             [type] 1   [path] ..\USER\02_MID\LVGL\src\font\lv_font_loader.c
[old name] lv_font_montserrat_8.c                       [type] 1   [path] ..\USER\02_MID\LVGL\src\font\lv_font_montserrat_8.c
[old name] lv_font_montserrat_10.c                      [type] 1   [path] ..\USER\02_MID\LVGL\src\font\lv_font_montserrat_10.c
[old name] lv_font_montserrat_12.c                      [type] 1   [path] ..\USER\02_MID\LVGL\src\font\lv_font_montserrat_12.c
[old name] lv_font_montserrat_12_subpx.c                [type] 1   [path] ..\USER\02_MID\LVGL\src\font\lv_font_montserrat_12_subpx.c
[old name] lv_font_montserrat_14.c                      [type] 1   [path] ..\USER\02_MID\LVGL\src\font\lv_font_montserrat_14.c
[old name] lv_font_montserrat_16.c                      [type] 1   [path] ..\USER\02_MID\LVGL\src\font\lv_font_montserrat_16.c
[old name] lv_font_montserrat_18.c                      [type] 1   [path] ..\USER\02_MID\LVGL\src\font\lv_font_montserrat_18.c
[old name] lv_font_montserrat_20.c                      [type] 1   [path] ..\USER\02_MID\LVGL\src\font\lv_font_montserrat_20.c
[old name] lv_font_montserrat_22.c                      [type] 1   [path] ..\USER\02_MID\LVGL\src\font\lv_font_montserrat_22.c
[old name] lv_font_montserrat_24.c                      [type] 1   [path] ..\USER\02_MID\LVGL\src\font\lv_font_montserrat_24.c
[old name] lv_font_montserrat_26.c                      [type] 1   [path] ..\USER\02_MID\LVGL\src\font\lv_font_montserrat_26.c
[old name] lv_font_montserrat_28.c                      [type] 1   [path] ..\USER\02_MID\LVGL\src\font\lv_font_montserrat_28.c
[old name] lv_font_montserrat_28_compressed.c           [type] 1   [path] ..\USER\02_MID\LVGL\src\font\lv_font_montserrat_28_compressed.c
[old name] lv_font_montserrat_30.c                      [type] 1   [path] ..\USER\02_MID\LVGL\src\font\lv_font_montserrat_30.c
[old name] lv_font_montserrat_32.c                      [type] 1   [path] ..\USER\02_MID\LVGL\src\font\lv_font_montserrat_32.c
[old name] lv_font_montserrat_34.c                      [type] 1   [path] ..\USER\02_MID\LVGL\src\font\lv_font_montserrat_34.c
[old name] lv_font_montserrat_36.c                      [type] 1   [path] ..\USER\02_MID\LVGL\src\font\lv_font_montserrat_36.c
[old name] lv_font_montserrat_38.c                      [type] 1   [path] ..\USER\02_MID\LVGL\src\font\lv_font_montserrat_38.c
[old name] lv_font_montserrat_40.c                      [type] 1   [path] ..\USER\02_MID\LVGL\src\font\lv_font_montserrat_40.c
[old name] lv_font_montserrat_42.c                      [type] 1   [path] ..\USER\02_MID\LVGL\src\font\lv_font_montserrat_42.c
[old name] lv_font_montserrat_44.c                      [type] 1   [path] ..\USER\02_MID\LVGL\src\font\lv_font_montserrat_44.c
[old name] lv_font_montserrat_46.c                      [type] 1   [path] ..\USER\02_MID\LVGL\src\font\lv_font_montserrat_46.c
[old name] lv_font_montserrat_48.c                      [type] 1   [path] ..\USER\02_MID\LVGL\src\font\lv_font_montserrat_48.c
[old name] lv_font_simsun_16_cjk.c                      [type] 1   [path] ..\USER\02_MID\LVGL\src\font\lv_font_simsun_16_cjk.c
[old name] lv_font_unscii_8.c                           [type] 1   [path] ..\USER\02_MID\LVGL\src\font\lv_font_unscii_8.c
[old name] lv_font_unscii_16.c                          [type] 1   [path] ..\USER\02_MID\LVGL\src\font\lv_font_unscii_16.c
[old name] lv_hal_disp.c                                [type] 1   [path] ..\USER\02_MID\LVGL\src\hal\lv_hal_disp.c
[old name] lv_hal_indev.c                               [type] 1   [path] ..\USER\02_MID\LVGL\src\hal\lv_hal_indev.c
[old name] lv_hal_tick.c                                [type] 1   [path] ..\USER\02_MID\LVGL\src\hal\lv_hal_tick.c
[old name] lv_anim.c                                    [type] 1   [path] ..\USER\02_MID\LVGL\src\misc\lv_anim.c
[old name] lv_anim_timeline.c                           [type] 1   [path] ..\USER\02_MID\LVGL\src\misc\lv_anim_timeline.c
[old name] lv_area.c                                    [type] 1   [path] ..\USER\02_MID\LVGL\src\misc\lv_area.c
[old name] lv_async.c                                   [type] 1   [path] ..\USER\02_MID\LVGL\src\misc\lv_async.c
[old name] lv_bidi.c                                    [type] 1   [path] ..\USER\02_MID\LVGL\src\misc\lv_bidi.c
[old name] lv_color.c                                   [type] 1   [path] ..\USER\02_MID\LVGL\src\misc\lv_color.c
[old name] lv_fs.c                                      [type] 1   [path] ..\USER\02_MID\LVGL\src\misc\lv_fs.c
[old name] lv_gc.c                                      [type] 1   [path] ..\USER\02_MID\LVGL\src\misc\lv_gc.c
[old name] lv_ll.c                                      [type] 1   [path] ..\USER\02_MID\LVGL\src\misc\lv_ll.c
[old name] lv_log.c                                     [type] 1   [path] ..\USER\02_MID\LVGL\src\misc\lv_log.c
[old name] lv_lru.c                                     [type] 1   [path] ..\USER\02_MID\LVGL\src\misc\lv_lru.c
[old name] lv_math.c                                    [type] 1   [path] ..\USER\02_MID\LVGL\src\misc\lv_math.c
[old name] lv_mem.c                                     [type] 1   [path] ..\USER\02_MID\LVGL\src\misc\lv_mem.c
[old name] lv_printf.c                                  [type] 1   [path] ..\USER\02_MID\LVGL\src\misc\lv_printf.c
[old name] lv_style.c                                   [type] 1   [path] ..\USER\02_MID\LVGL\src\misc\lv_style.c
[old name] lv_style_gen.c                               [type] 1   [path] ..\USER\02_MID\LVGL\src\misc\lv_style_gen.c
[old name] lv_templ.c                                   [type] 1   [path] ..\USER\02_MID\LVGL\src\misc\lv_templ.c
[old name] lv_timer.c                                   [type] 1   [path] ..\USER\02_MID\LVGL\src\misc\lv_timer.c
[old name] lv_tlsf.c                                    [type] 1   [path] ..\USER\02_MID\LVGL\src\misc\lv_tlsf.c
[old name] lv_txt.c                                     [type] 1   [path] ..\USER\02_MID\LVGL\src\misc\lv_txt.c
[old name] lv_txt_ap.c                                  [type] 1   [path] ..\USER\02_MID\LVGL\src\misc\lv_txt_ap.c
[old name] lv_utils.c                                   [type] 1   [path] ..\USER\02_MID\LVGL\src\misc\lv_utils.c
[old name] lv_arc.c                                     [type] 1   [path] ..\USER\02_MID\LVGL\src\widgets\lv_arc.c
[old name] lv_bar.c                                     [type] 1   [path] ..\USER\02_MID\LVGL\src\widgets\lv_bar.c
[old name] lv_btn.c                                     [type] 1   [path] ..\USER\02_MID\LVGL\src\widgets\lv_btn.c
[old name] lv_btnmatrix.c                               [type] 1   [path] ..\USER\02_MID\LVGL\src\widgets\lv_btnmatrix.c
[old name] lv_canvas.c                                  [type] 1   [path] ..\USER\02_MID\LVGL\src\widgets\lv_canvas.c
[old name] lv_checkbox.c                                [type] 1   [path] ..\USER\02_MID\LVGL\src\widgets\lv_checkbox.c
[old name] lv_dropdown.c                                [type] 1   [path] ..\USER\02_MID\LVGL\src\widgets\lv_dropdown.c
[old name] lv_img.c                                     [type] 1   [path] ..\USER\02_MID\LVGL\src\widgets\lv_img.c
[old name] lv_label.c                                   [type] 1   [path] ..\USER\02_MID\LVGL\src\widgets\lv_label.c
[old name] lv_line.c                                    [type] 1   [path] ..\USER\02_MID\LVGL\src\widgets\lv_line.c
[old name] lv_objx_templ.c                              [type] 1   [path] ..\USER\02_MID\LVGL\src\widgets\lv_objx_templ.c
[old name] lv_roller.c                                  [type] 1   [path] ..\USER\02_MID\LVGL\src\widgets\lv_roller.c
[old name] lv_slider.c                                  [type] 1   [path] ..\USER\02_MID\LVGL\src\widgets\lv_slider.c
[old name] lv_switch.c                                  [type] 1   [path] ..\USER\02_MID\LVGL\src\widgets\lv_switch.c
[old name] lv_table.c                                   [type] 1   [path] ..\USER\02_MID\LVGL\src\widgets\lv_table.c
[old name] lv_textarea.c                                [type] 1   [path] ..\USER\02_MID\LVGL\src\widgets\lv_textarea.c
[old name] lv_extra.c                                   [type] 1   [path] ..\USER\02_MID\LVGL\src\extra\lv_extra.c
[old name] lv_port_disp_template.c                      [type] 1   [path] ..\USER\02_MID\LVGL\examples\porting\lv_port_disp_template.c
[old name] lv_port_fs_template.c                        [type] 1   [path] ..\USER\02_MID\LVGL\examples\porting\lv_port_fs_template.c
[old name] lv_port_indev_template.c                     [type] 1   [path] ..\USER\02_MID\LVGL\examples\porting\lv_port_indev_template.c
[old name] lv_demo_widgets.c                            [type] 1   [path] ..\USER\02_MID\LVGL\demos\widgets\lv_demo_widgets.c
[old name] img_clothes.c                                [type] 1   [path] ..\USER\02_MID\LVGL\demos\widgets\assets\img_clothes.c
[old name] img_demo_widgets_avatar.c                    [type] 1   [path] ..\USER\02_MID\LVGL\demos\widgets\assets\img_demo_widgets_avatar.c
[old name] img_lvgl_logo.c                              [type] 1   [path] ..\USER\02_MID\LVGL\demos\widgets\assets\img_lvgl_logo.c
[old name] lv_demo_benchmark.c                          [type] 1   [path] ..\USER\02_MID\LVGL\demos\benchmark\lv_demo_benchmark.c
[old name] img_benchmark_cogwheel_alpha16.c             [type] 1   [path] ..\USER\02_MID\LVGL\demos\benchmark\assets\img_benchmark_cogwheel_alpha16.c
[old name] img_benchmark_cogwheel_argb.c                [type] 1   [path] ..\USER\02_MID\LVGL\demos\benchmark\assets\img_benchmark_cogwheel_argb.c
[old name] img_benchmark_cogwheel_chroma_keyed.c        [type] 1   [path] ..\USER\02_MID\LVGL\demos\benchmark\assets\img_benchmark_cogwheel_chroma_keyed.c
[old name] img_benchmark_cogwheel_indexed16.c           [type] 1   [path] ..\USER\02_MID\LVGL\demos\benchmark\assets\img_benchmark_cogwheel_indexed16.c
[old name] img_benchmark_cogwheel_rgb.c                 [type] 1   [path] ..\USER\02_MID\LVGL\demos\benchmark\assets\img_benchmark_cogwheel_rgb.c
[old name] img_benchmark_cogwheel_rgb565a8.c            [type] 1   [path] ..\USER\02_MID\LVGL\demos\benchmark\assets\img_benchmark_cogwheel_rgb565a8.c
[old name] lv_font_bechmark_montserrat_12_compr_az.c.c  [type] 1   [path] ..\USER\02_MID\LVGL\demos\benchmark\assets\lv_font_bechmark_montserrat_12_compr_az.c.c
[old name] lv_font_bechmark_montserrat_16_compr_az.c.c  [type] 1   [path] ..\USER\02_MID\LVGL\demos\benchmark\assets\lv_font_bechmark_montserrat_16_compr_az.c.c
[old name] lv_font_bechmark_montserrat_28_compr_az.c.c  [type] 1   [path] ..\USER\02_MID\LVGL\demos\benchmark\assets\lv_font_bechmark_montserrat_28_compr_az.c.c
[old name] tlsf.c                                       [type] 1   [path] ..\USER\02_MID\tlsf\tlsf.c
[old name] lw_btn.c                                     [type] 1   [path] ..\USER\02_MID\LWTK\lw_btn.c
[old name] lw_ll.c                                      [type] 1   [path] ..\USER\02_MID\LWTK\lw_ll.c
[old name] lw_math.c                                    [type] 1   [path] ..\USER\02_MID\LWTK\lw_math.c
[old name] lw_mem.c                                     [type] 1   [path] ..\USER\02_MID\LWTK\lw_mem.c
[old name] lw_msg.c                                     [type] 1   [path] ..\USER\02_MID\LWTK\lw_msg.c
[old name] lw_queue.c                                   [type] 1   [path] ..\USER\02_MID\LWTK\lw_queue.c
[old name] lw_ringbuf.c                                 [type] 1   [path] ..\USER\02_MID\LWTK\lw_ringbuf.c
[old name] lw_shell.c                                   [type] 1   [path] ..\USER\02_MID\LWTK\lw_shell.c
[old name] lw_timer.c                                   [type] 1   [path] ..\USER\02_MID\LWTK\lw_timer.c
[old name] lw_wdg.c                                     [type] 1   [path] ..\USER\02_MID\LWTK\lw_wdg.c
[old name] osal_heap.c                                  [type] 1   [path] ..\USER\03_OS\osal\osal_heap.c
[old name] osal_mutex.c                                 [type] 1   [path] ..\USER\03_OS\osal\osal_mutex.c
[old name] osal_queue.c                                 [type] 1   [path] ..\USER\03_OS\osal\osal_queue.c
[old name] osal_sema.c                                  [type] 1   [path] ..\USER\03_OS\osal\osal_sema.c
[old name] osal_timer.c                                 [type] 1   [path] ..\USER\03_OS\osal\osal_timer.c
[old name] os_impl_thread.c                             [type] 1   [path] ..\USER\03_OS\implementation\os_impl_thread.c
[old name] os_impl_heap.c                               [type] 1   [path] ..\USER\03_OS\implementation\os_impl_heap.c
[old name] os_impl_mutex.c                              [type] 1   [path] ..\USER\03_OS\implementation\os_impl_mutex.c
[old name] os_impl_queue.c                              [type] 1   [path] ..\USER\03_OS\implementation\os_impl_queue.c
[old name] os_impl_sema.c                               [type] 1   [path] ..\USER\03_OS\implementation\os_impl_sema.c
[old name] os_impl_timer.c                              [type] 1   [path] ..\USER\03_OS\implementation\os_impl_timer.c
[old name] croutine.c                                   [type] 1   [path] ..\USER\03_OS\FreeRTOS\core\croutine.c
[old name] event_groups.c                               [type] 1   [path] ..\USER\03_OS\FreeRTOS\core\event_groups.c
[old name] list.c                                       [type] 1   [path] ..\USER\03_OS\FreeRTOS\core\list.c
[old name] queue.c                                      [type] 1   [path] ..\USER\03_OS\FreeRTOS\core\queue.c
[old name] stream_buffer.c                              [type] 1   [path] ..\USER\03_OS\FreeRTOS\core\stream_buffer.c
[old name] tasks.c                                      [type] 1   [path] ..\USER\03_OS\FreeRTOS\core\tasks.c
[old name] timers.c                                     [type] 1   [path] ..\USER\03_OS\FreeRTOS\core\timers.c
[old name] heap_4.c                                     [type] 1   [path] ..\USER\03_OS\FreeRTOS\portable\MemMang\heap_4.c
[old name] port.c                                       [type] 1   [path] ..\USER\03_OS\FreeRTOS\portable\RVDS\ARM_CM4F\port.c
[old name] bsp_wrapper_light.c                          [type] 1   [path] ..\USER\04_BSP\wrapper\bsp_wrapper_light.c
[old name] bsp_wrapper_display.c                        [type] 1   [path] ..\USER\04_BSP\wrapper\bsp_wrapper_display.c
[old name] bsp_wrapper_touchpad.c                       [type] 1   [path] ..\USER\04_BSP\wrapper\bsp_wrapper_touchpad.c
[old name] bsp_wrapper_sflash.c                         [type] 1   [path] ..\USER\04_BSP\wrapper\bsp_wrapper_sflash.c
[old name] bsp_adapter_led.c                            [type] 1   [path] ..\USER\04_BSP\adapter\bsp_adapter_led.c
[old name] bsp_adapter_lcd.c                            [type] 1   [path] ..\USER\04_BSP\adapter\bsp_adapter_lcd.c
[old name] bsp_adapter_st7735.c                         [type] 1   [path] ..\USER\04_BSP\adapter\bsp_adapter_st7735.c
[old name] bsp_adapter_w25q64.c                         [type] 1   [path] ..\USER\04_BSP\adapter\bsp_adapter_w25q64.c
[old name] bsp_adapter_gt911.c                          [type] 1   [path] ..\USER\04_BSP\adapter\bsp_adapter_gt911.c
[old name] bsp_driver_led.c                             [type] 1   [path] ..\USER\04_BSP\driver\bsp_driver_led.c
[old name] bsp_driver_lcd.c                             [type] 1   [path] ..\USER\04_BSP\driver\bsp_driver_lcd.c
[old name] bsp_driver_st7735.c                          [type] 1   [path] ..\USER\04_BSP\driver\bsp_driver_st7735.c
[old name] bsp_driver_gt911.c                           [type] 1   [path] ..\USER\04_BSP\driver\bsp_driver_gt911.c
[old name] bsp_driver_w25q64.c                          [type] 1   [path] ..\USER\04_BSP\driver\bsp_driver_w25q64.c
[old name] bsp_linker_led.c                             [type] 1   [path] ..\USER\04_BSP\linker\bsp_linker_led.c
[old name] bsp_linker_lcd.c                             [type] 1   [path] ..\USER\04_BSP\linker\bsp_linker_lcd.c
[old name] bsp_linker_st7735.c                          [type] 1   [path] ..\USER\04_BSP\linker\bsp_linker_st7735.c
[old name] bsp_linker_gt911.c                           [type] 1   [path] ..\USER\04_BSP\linker\bsp_linker_gt911.c
[old name] bsp_linker_w25q64.c                          [type] 1   [path] ..\USER\04_BSP\linker\bsp_linker_w25q64.c
[old name] edf_pin.c                                    [type] 1   [path] ..\USER\05_HAL\EDF\widget\edf_pin.c
[old name] edf_i2c.c                                    [type] 1   [path] ..\USER\05_HAL\EDF\widget\edf_i2c.c
[old name] edf_soft_i2c.c                               [type] 1   [path] ..\USER\05_HAL\EDF\widget\edf_soft_i2c.c
[old name] edf_usart.c                                  [type] 1   [path] ..\USER\05_HAL\EDF\widget\edf_usart.c
[old name] edf_spi.c                                    [type] 1   [path] ..\USER\05_HAL\EDF\widget\edf_spi.c
[old name] st_pin.c                                     [type] 1   [path] ..\USER\05_HAL\EDF\board\st\st_pin.c
[old name] st_i2c.c                                     [type] 1   [path] ..\USER\05_HAL\EDF\board\st\st_i2c.c
[old name] st_spi.c                                     [type] 1   [path] ..\USER\05_HAL\EDF\board\st\st_spi.c
[old name] edf_avl.c                                    [type] 1   [path] ..\USER\05_HAL\EDF\common\edf_avl.c
[old name] edf_mem.c                                    [type] 1   [path] ..\USER\05_HAL\EDF\common\edf_mem.c
[old name] edf_ringbuf.c                                [type] 1   [path] ..\USER\05_HAL\EDF\common\edf_ringbuf.c
[old name] edf_str.c                                    [type] 1   [path] ..\USER\05_HAL\EDF\common\edf_str.c
[old name] edf_list.c                                   [type] 1   [path] ..\USER\05_HAL\EDF\common\edf_list.c
[old name] edf_device.c                                 [type] 1   [path] ..\USER\05_HAL\EDF\core\edf_device.c
[old name] edf_port.c                                   [type] 1   [path] ..\USER\05_HAL\EDF\port\edf_port.c
[old name] templ.c                                      [type] 1   [path] ..\USER\UTILITIES\templ.c
[old name] delay.c                                      [type] 1   [path] ..\USER\UTILITIES\delay.c
[old name] debug.c                                      [type] 1   [path] ..\USER\UTILITIES\debug.c
[old name] memory_manager.c                             [type] 1   [path] ..\USER\UTILITIES\memory_manager.c
[old name] main.c                                       [type] 1   [path] ..\Core\src\main.c
[old name] stm32f4xx_it.c                               [type] 1   [path] ..\Core\src\stm32f4xx_it.c
[old name] gpio.c                                       [type] 1   [path] ..\Core\src\gpio.c
[old name] usart.c                                      [type] 1   [path] ..\Core\src\usart.c
[old name] systick.c                                    [type] 1   [path] ..\Core\src\systick.c
[old name] i2c.c                                        [type] 1   [path] ..\Core\src\i2c.c
[old name] spi.c                                        [type] 1   [path] ..\Core\src\spi.c
[old name] fmc.c                                        [type] 1   [path] ..\Core\src\fmc.c
[old name] ltdc.c                                       [type] 1   [path] ..\Core\src\ltdc.c
[old name] rtc.c                                        [type] 1   [path] ..\Core\src\rtc.c
[old name] dwt.c                                        [type] 1   [path] ..\Core\src\dwt.c
[old name] dma.c                                        [type] 1   [path] ..\Core\src\dma.c
[old name] dma2d.c                                      [type] 1   [path] ..\Core\src\dma2d.c
[old name] startup_stm32f429_439xx.s                    [type] 1   [path] ..\Libraries\CMSIS\Device\ST\STM32F4xx\Source\Templates\arm\startup_stm32f429_439xx.s
[old name] system_stm32f4xx.c                           [type] 1   [path] ..\Libraries\CMSIS\Device\ST\STM32F4xx\Source\Templates\system_stm32f4xx.c
[old name] misc.c                                       [type] 1   [path] ..\Libraries\STM32F4xx_StdPeriph_Driver\src\misc.c
[old name] stm32f4xx_adc.c                              [type] 1   [path] ..\Libraries\STM32F4xx_StdPeriph_Driver\src\stm32f4xx_adc.c
[old name] stm32f4xx_can.c                              [type] 1   [path] ..\Libraries\STM32F4xx_StdPeriph_Driver\src\stm32f4xx_can.c
[old name] stm32f4xx_cec.c                              [type] 1   [path] ..\Libraries\STM32F4xx_StdPeriph_Driver\src\stm32f4xx_cec.c
[old name] stm32f4xx_crc.c                              [type] 1   [path] ..\Libraries\STM32F4xx_StdPeriph_Driver\src\stm32f4xx_crc.c
[old name] stm32f4xx_cryp.c                             [type] 1   [path] ..\Libraries\STM32F4xx_StdPeriph_Driver\src\stm32f4xx_cryp.c
[old name] stm32f4xx_cryp_aes.c                         [type] 1   [path] ..\Libraries\STM32F4xx_StdPeriph_Driver\src\stm32f4xx_cryp_aes.c
[old name] stm32f4xx_cryp_des.c                         [type] 1   [path] ..\Libraries\STM32F4xx_StdPeriph_Driver\src\stm32f4xx_cryp_des.c
[old name] stm32f4xx_cryp_tdes.c                        [type] 1   [path] ..\Libraries\STM32F4xx_StdPeriph_Driver\src\stm32f4xx_cryp_tdes.c
[old name] stm32f4xx_dac.c                              [type] 1   [path] ..\Libraries\STM32F4xx_StdPeriph_Driver\src\stm32f4xx_dac.c
[old name] stm32f4xx_dbgmcu.c                           [type] 1   [path] ..\Libraries\STM32F4xx_StdPeriph_Driver\src\stm32f4xx_dbgmcu.c
[old name] stm32f4xx_dcmi.c                             [type] 1   [path] ..\Libraries\STM32F4xx_StdPeriph_Driver\src\stm32f4xx_dcmi.c
[old name] stm32f4xx_dfsdm.c                            [type] 1   [path] ..\Libraries\STM32F4xx_StdPeriph_Driver\src\stm32f4xx_dfsdm.c
[old name] stm32f4xx_dma.c                              [type] 1   [path] ..\Libraries\STM32F4xx_StdPeriph_Driver\src\stm32f4xx_dma.c
[old name] stm32f4xx_dma2d.c                            [type] 1   [path] ..\Libraries\STM32F4xx_StdPeriph_Driver\src\stm32f4xx_dma2d.c
[old name] stm32f4xx_dsi.c                              [type] 1   [path] ..\Libraries\STM32F4xx_StdPeriph_Driver\src\stm32f4xx_dsi.c
[old name] stm32f4xx_exti.c                             [type] 1   [path] ..\Libraries\STM32F4xx_StdPeriph_Driver\src\stm32f4xx_exti.c
[old name] stm32f4xx_flash.c                            [type] 1   [path] ..\Libraries\STM32F4xx_StdPeriph_Driver\src\stm32f4xx_flash.c
[old name] stm32f4xx_flash_ramfunc.c                    [type] 1   [path] ..\Libraries\STM32F4xx_StdPeriph_Driver\src\stm32f4xx_flash_ramfunc.c
[old name] stm32f4xx_fmc.c                              [type] 1   [path] ..\Libraries\STM32F4xx_StdPeriph_Driver\src\stm32f4xx_fmc.c
[old name] stm32f4xx_fmpi2c.c                           [type] 1   [path] ..\Libraries\STM32F4xx_StdPeriph_Driver\src\stm32f4xx_fmpi2c.c
[old name] stm32f4xx_gpio.c                             [type] 1   [path] ..\Libraries\STM32F4xx_StdPeriph_Driver\src\stm32f4xx_gpio.c
[old name] stm32f4xx_hash.c                             [type] 1   [path] ..\Libraries\STM32F4xx_StdPeriph_Driver\src\stm32f4xx_hash.c
[old name] stm32f4xx_hash_md5.c                         [type] 1   [path] ..\Libraries\STM32F4xx_StdPeriph_Driver\src\stm32f4xx_hash_md5.c
[old name] stm32f4xx_hash_sha1.c                        [type] 1   [path] ..\Libraries\STM32F4xx_StdPeriph_Driver\src\stm32f4xx_hash_sha1.c
[old name] stm32f4xx_i2c.c                              [type] 1   [path] ..\Libraries\STM32F4xx_StdPeriph_Driver\src\stm32f4xx_i2c.c
[old name] stm32f4xx_iwdg.c                             [type] 1   [path] ..\Libraries\STM32F4xx_StdPeriph_Driver\src\stm32f4xx_iwdg.c
[old name] stm32f4xx_lptim.c                            [type] 1   [path] ..\Libraries\STM32F4xx_StdPeriph_Driver\src\stm32f4xx_lptim.c
[old name] stm32f4xx_ltdc.c                             [type] 1   [path] ..\Libraries\STM32F4xx_StdPeriph_Driver\src\stm32f4xx_ltdc.c
[old name] stm32f4xx_pwr.c                              [type] 1   [path] ..\Libraries\STM32F4xx_StdPeriph_Driver\src\stm32f4xx_pwr.c
[old name] stm32f4xx_qspi.c                             [type] 1   [path] ..\Libraries\STM32F4xx_StdPeriph_Driver\src\stm32f4xx_qspi.c
[old name] stm32f4xx_rcc.c                              [type] 1   [path] ..\Libraries\STM32F4xx_StdPeriph_Driver\src\stm32f4xx_rcc.c
[old name] stm32f4xx_rng.c                              [type] 1   [path] ..\Libraries\STM32F4xx_StdPeriph_Driver\src\stm32f4xx_rng.c
[old name] stm32f4xx_rtc.c                              [type] 1   [path] ..\Libraries\STM32F4xx_StdPeriph_Driver\src\stm32f4xx_rtc.c
[old name] stm32f4xx_sai.c                              [type] 1   [path] ..\Libraries\STM32F4xx_StdPeriph_Driver\src\stm32f4xx_sai.c
[old name] stm32f4xx_sdio.c                             [type] 1   [path] ..\Libraries\STM32F4xx_StdPeriph_Driver\src\stm32f4xx_sdio.c
[old name] stm32f4xx_spdifrx.c                          [type] 1   [path] ..\Libraries\STM32F4xx_StdPeriph_Driver\src\stm32f4xx_spdifrx.c
[old name] stm32f4xx_spi.c                              [type] 1   [path] ..\Libraries\STM32F4xx_StdPeriph_Driver\src\stm32f4xx_spi.c
[old name] stm32f4xx_syscfg.c                           [type] 1   [path] ..\Libraries\STM32F4xx_StdPeriph_Driver\src\stm32f4xx_syscfg.c
[old name] stm32f4xx_tim.c                              [type] 1   [path] ..\Libraries\STM32F4xx_StdPeriph_Driver\src\stm32f4xx_tim.c
[old name] stm32f4xx_usart.c                            [type] 1   [path] ..\Libraries\STM32F4xx_StdPeriph_Driver\src\stm32f4xx_usart.c
[old name] stm32f4xx_wwdg.c                             [type] 1   [path] ..\Libraries\STM32F4xx_StdPeriph_Driver\src\stm32f4xx_wwdg.c

[record region info]
[load region] LR_IROM1
	[execution region] ER_IROM1, 0x08000000, 0x00100000, 0x000060D4 [type] 2 [ID] 4
	[execution region] RW_IRAM1, 0x20000000, 0x00030000, 0x00005018 [type] 1 [ID] 2
--------------------------------------------------------------------------------------------------------------------------------------------------
                                          FILE(s)                                          |         RAM (byte)       |       FLASH (byte)       |
--------------------------------------------------------------------------------------------------------------------------------------------------
..\USER\01_APP\app_main.c():                                                               |          20              |         333              |
..\USER\04_BSP\adapter\bsp_adapter_lcd.c():                                                |          56              |         364              |
..\USER\04_BSP\adapter\bsp_adapter_led.c():                                                |          32              |         244              |
..\USER\04_BSP\adapter\bsp_adapter_w25q64.c():                                             |           0              |         134              |
..\USER\04_BSP\driver\bsp_driver_lcd.c():                                                  |           8              |         336              |
..\USER\04_BSP\driver\bsp_driver_led.c():                                                  |           8              |         348              |
..\USER\04_BSP\linker\bsp_linker_lcd.c():                                                  |          28              |         494              |
..\USER\04_BSP\linker\bsp_linker_led.c():                                                  |           0              |         112              |
..\USER\04_BSP\wrapper\bsp_wrapper_display.c():                                            |          84              |        1788              |
..\USER\04_BSP\wrapper\bsp_wrapper_light.c():                                              |          76              |         314              |
..\USER\04_BSP\wrapper\bsp_wrapper_sflash.c():                                             |          92              |         638              |
..\USER\UTILITIES\debug.c():                                                               |           4              |        1935              |
..\USER\UTILITIES\delay.c():                                                               |           0              |          46              |
..\Core\src\dma2d.c():                                                                     |          12              |         280              |
..\Core\src\dwt.c():                                                                       |           0              |          36              |
..\USER\02_MID\EasyLogger\src\elog.c():                                                    |           0              |           0              |
..\USER\03_OS\FreeRTOS\core\event_groups.c():                                              |           0              |           0              |
..\Core\src\fmc.c():                                                                       |           0              |        1112              |
..\Core\src\gpio.c():                                                                      |           0              |         402              |
..\USER\03_OS\FreeRTOS\portable\MemMang\heap_4.c():                                        |       10268              |         616              |
..\USER\03_OS\FreeRTOS\core\list.c():                                                      |           0              |         114              |
..\Core\src\ltdc.c():                                                                      |          28              |         816              |
..\USER\02_MID\LWTK\lw_btn.c():                                                            |           0              |           0              |
..\Core\src\main.c():                                                                      |           0              |          14              |
..\USER\UTILITIES\memory_manager.c():                                                      |           4              |         217              |
..\Libraries\STM32F4xx_StdPeriph_Driver\src\misc.c():                                      |           0              |         120              |
..\USER\03_OS\implementation\os_impl_mutex.c():                                            |           0              |           0              |
..\USER\03_OS\FreeRTOS\portable\RVDS\ARM_CM4F\port.c():                                    |          12              |         942              |
..\USER\03_OS\FreeRTOS\core\queue.c():                                                     |          64              |        1394              |
..\Libraries\CMSIS\Device\ST\STM32F4xx\Source\Templates\arm\startup_stm32f429_439xx.s():   |        8704              |         492              |
..\Libraries\STM32F4xx_StdPeriph_Driver\src\stm32f4xx_exti.c():                            |           0              |          12              |
..\Libraries\STM32F4xx_StdPeriph_Driver\src\stm32f4xx_fmc.c():                             |           0              |         394              |
..\Libraries\STM32F4xx_StdPeriph_Driver\src\stm32f4xx_gpio.c():                            |           0              |         160              |
..\Core\src\stm32f4xx_it.c():                                                              |           0              |         214              |
..\Libraries\STM32F4xx_StdPeriph_Driver\src\stm32f4xx_ltdc.c():                            |           0              |         406              |
..\Libraries\STM32F4xx_StdPeriph_Driver\src\stm32f4xx_rcc.c():                             |          16              |         340              |
..\Libraries\STM32F4xx_StdPeriph_Driver\src\stm32f4xx_tim.c():                             |           0              |           6              |
..\Libraries\STM32F4xx_StdPeriph_Driver\src\stm32f4xx_usart.c():                           |           0              |         324              |
..\Libraries\CMSIS\Device\ST\STM32F4xx\Source\Templates\system_stm32f4xx.c():              |          20              |         320              |
..\Core\src\systick.c():                                                                   |           4              |         104              |
..\USER\03_OS\FreeRTOS\core\tasks.c():                                                     |         804              |        3020              |
..\USER\03_OS\FreeRTOS\core\timers.c():                                                    |          60              |         912              |
..\USER\02_MID\tlsf\tlsf.c():                                                              |           0              |        1198              |
--------------------------------------------------------------------------------------------------------------------------------------------------
[memory print mode]: 0
Unused Load Region
        RAM 2             [0x10000000 | 0x00010000 (65536)]
 
LR_IROM1
        RAM 1             [0x20000000 | 0x00030000 (196608)]
                [zi start] 1   [zi end] 5
                RW_IRAM1  [0x20000000]|¡ö¡õ¡õ¡õ¡õ_____________________________________________| (  20.0 KB / 192.0 KB )  10.4%  
 
        FLASH 1           [0x08000000 | 0x00100000 (1048576)]
                ER_IROM1  [0x08000000]|¡ö_________________________________________________| (  24.2 KB /   1.0 MB )   2.4%  
 
[htm file path] c:\Users\cjm10\Desktop\MyRes\STM32F429IGT6_STD_Platform\MDK-ARM\Objects\template.htm
Maximum Stack Usage =        360 bytes + Unknown(Functions without stacksize, Cycles, Untraceable Function Pointers)
 
=============================================================================================================================

run time: 0.189 s
